// Jest Snapshot v1, https://goo.gl/fbAQLP

exports[`H1 component deve ser igual ao snapshot 1`] = `
.c0 {
  margin-top: 0;
  margin-bottom: 40px;
  font-size: 20px;
}

<h1
  className="c0"
/>
`;
