// Jest Snapshot v1, https://goo.gl/fbAQLP

exports[`TextField component deve ser igual ao snapshot 1`] = `
.c0 {
  display: -webkit-box;
  display: -webkit-flex;
  display: -ms-flexbox;
  display: flex;
  -webkit-align-items: flex-end;
  -webkit-box-align: flex-end;
  -ms-flex-align: flex-end;
  align-items: flex-end;
  position: relative;
  height: 48px;
  opacity: 0.8;
  -webkit-transition: opacity 0.1s ease-in-out;
  transition: opacity 0.1s ease-in-out;
}

.c0:hover {
  opacity: 1;
}

.c0.selected {
  opacity: 1;
}

.c0.selected label {
  -webkit-transform: translate(0,-25px) scale(0.8);
  -ms-transform: translate(0,-25px) scale(0.8);
  transform: translate(0,-25px) scale(0.8);
  color: #1976d2;
}

.c2 {
  position: absolute;
  top: 24px;
  left: 0;
  color: #555;
  pointer-events: none;
  -webkit-transition: -webkit-transform 0.1s cubic-bezier(0,0,0.2,1);
  -webkit-transition: transform 0.1s cubic-bezier(0,0,0.2,1);
  transition: transform 0.1s cubic-bezier(0,0,0.2,1);
  -webkit-transform-origin: left center;
  -ms-transform-origin: left center;
  transform-origin: left center;
}

.c1 {
  background: none;
  border: none;
  border-radius: 0;
  border-bottom: 1px solid #555;
  outline: none;
  padding: 0 0 6px 0;
  width: 100%;
}

<div
  className="c0"
>
  <input
    className="c1"
    onBlur={[Function]}
    onFocus={[Function]}
    step="0.01"
    type="text"
  />
  <label
    className="c2"
  >
    Teste
  </label>
</div>
`;
