// Jest Snapshot v1, https://goo.gl/fbAQLP

exports[`Card component deve ser igual ao snapshot 1`] = `
.c0 {
  background-color: #ffffff;
  border-radius: 4px;
  padding: 30px;
  box-shadow: 0 2px 3px rgba(0,0,0,0.09);
  margin: 0 10px 20px 10px;
}

<div
  className="c0"
/>
`;
