// Jest Snapshot v1, https://goo.gl/fbAQLP

exports[`Box component deve ser igual ao snapshot 1`] = `
.c0 {
  margin-bottom: 40px;
  margin-left: 10px;
  margin-right: 20px;
  margin-top: 10px;
}

<div
  className="c0"
/>
`;
