// Jest Snapshot v1, https://goo.gl/fbAQLP

exports[`Button component deve ser igual ao snapshot 1`] = `
.c0 {
  padding: 10px 20px;
  background: #e0e0e0;
  color: #555;
  outline: none;
  border: none;
  border-radius: 4px;
  cursor: pointer;
  box-shadow: 0px 1px 5px 0px rgba(0,0,0,0.2),0px 2px 2px 0px rgba(0,0,0,0.14),0px 3px 1px -2px rgba(0,0,0,0.12);
  -webkit-transition: background-color 0.1s ease-in-out;
  transition: background-color 0.1s ease-in-out;
  opacity: 1;
}

.c0:hover {
  background-color: #b3b3b3;
}

.c0:active {
  background-color: #e0e0e0;
}

<button
  className="c0"
/>
`;

exports[`Button component deve ser igual ao snapshot quando passado o par√¢metro (fullWidth) 1`] = `
.c0 {
  padding: 10px 20px;
  background: #e0e0e0;
  color: #555;
  outline: none;
  border: none;
  border-radius: 4px;
  cursor: pointer;
  box-shadow: 0px 1px 5px 0px rgba(0,0,0,0.2),0px 2px 2px 0px rgba(0,0,0,0.14),0px 3px 1px -2px rgba(0,0,0,0.12);
  -webkit-transition: background-color 0.1s ease-in-out;
  transition: background-color 0.1s ease-in-out;
  opacity: 1;
}

.c0:hover {
  background-color: #b3b3b3;
}

.c0:active {
  background-color: #e0e0e0;
}

<button
  className="c0"
/>
`;
